<!DOCTYPE html>
<html>

<head>
  <meta charset="utf-8">
  <meta http-equiv="X-UA-Compatible" content="IE=edge">
  <meta name="generator" content="MarkBind 4.0.1">
  <meta name="viewport" content="width=device-width, initial-scale=1">
  <title>Page not found</title>
  <link rel="stylesheet" href="markbind/css/bootstrap.min.css">
  <link rel="stylesheet" href="markbind/fontawesome/css/all.min.css">
  <link rel="stylesheet" href="markbind/glyphicons/css/bootstrap-glyphicons.min.css">
  <link rel="stylesheet" href="markbind/css/octicons.css">
  <link rel="stylesheet" href="markbind/material-icons/material-icons.css">
  <link rel="stylesheet" href="markbind/css/codeblock-dark.min.css">
  <link rel="stylesheet" href="markbind/css/markbind.min.css">
  <script src="markbind/js/polyfill.min.js"></script>
  <script src="markbind/js/vue.min.js"></script>
  <script src="markbind/js/markbind.min.js"></script>
  <script src="404.page-vue-render.js"></script>
  <script src="markbind/js/jquery.min.js"></script>
  <link rel="stylesheet" href="/plugins/markbind-plugin-anchors/markbind-plugin-anchors.css">
  <link rel="stylesheet" href="/plugins/markbind-plugin-tree/markbind-plugin-tree.css">
</head>
<script>
  const baseUrl = ''
</script>

<body>
  <div id="app">
    <div>

      <body style="font-family: monospace; background-color: #f1f1f1;">
        <div style="margin: 5rem;">
          <h1 style="display: block; margin-bottom: 2rem; font-weight: 400; text-align: center; font-size: 10rem;" id="404"><span id="404" class="anchor"></span>404<a class="fa fa-anchor" href="#404" onclick="event.stopPropagation()"></a></h1>
          <p style="font-size: 1.5rem; text-align: center;">
            File not found<br>
            Click <a href="/">here</a> to go back to the home page.
          </p>
        </div>
      </body>
      <i class="fa fa-arrow-circle-up fa-lg d-print-none" id="scroll-top-button" onclick="handleScrollTop()" aria-hidden="true"></i>
    </div>
  </div>
</body>
<script src="markbind/js/bootstrap-utility.min.js"></script>
<script>
  MarkBind.setupWithSearch()
</script>

</html>